[M::bwa_idx_load_from_disk] read 0 ALT contigs
[M::process] read 99952 sequences (10000026 bp)...
[M::process] read 99944 sequences (10000145 bp)...
[M::mem_pestat] # candidate unique pairs for (FF, FR, RF, RR): (0, 43237, 0, 0)
[M::mem_pestat] skip orientation FF as there are not enough pairs
[M::mem_pestat] analyzing insert size distribution for orientation FR...
[M::mem_pestat] (25, 50, 75) percentile: (224, 349, 475)
[M::mem_pestat] low and high boundaries for computing mean and std.dev: (1, 977)
[M::mem_pestat] mean and std.dev: (349.60, 145.35)
[M::mem_pestat] low and high boundaries for proper pairs: (1, 1228)
[M::mem_pestat] skip orientation RF as there are not enough pairs
[M::mem_pestat] skip orientation RR as there are not enough pairs
[M::mem_process_seqs] Processed 99952 reads in 7.669 CPU sec, 7.681 real sec
[M::process] read 99950 sequences (10000182 bp)...
[M::mem_pestat] # candidate unique pairs for (FF, FR, RF, RR): (0, 49526, 0, 0)
[M::mem_pestat] skip orientation FF as there are not enough pairs
[M::mem_pestat] analyzing insert size distribution for orientation FR...
[M::mem_pestat] (25, 50, 75) percentile: (225, 351, 477)
[M::mem_pestat] low and high boundaries for computing mean and std.dev: (1, 981)
[M::mem_pestat] mean and std.dev: (350.52, 145.31)
[M::mem_pestat] low and high boundaries for proper pairs: (1, 1233)
[M::mem_pestat] skip orientation RF as there are not enough pairs
[M::mem_pestat] skip orientation RR as there are not enough pairs
[M::mem_process_seqs] Processed 99944 reads in 7.188 CPU sec, 7.198 real sec
[M::process] read 99952 sequences (10000106 bp)...
[M::mem_pestat] # candidate unique pairs for (FF, FR, RF, RR): (0, 44876, 0, 0)
[M::mem_pestat] skip orientation FF as there are not enough pairs
[M::mem_pestat] analyzing insert size distribution for orientation FR...
[M::mem_pestat] (25, 50, 75) percentile: (223, 351, 476)
[M::mem_pestat] low and high boundaries for computing mean and std.dev: (1, 982)
[M::mem_pestat] mean and std.dev: (350.10, 145.53)
[M::mem_pestat] low and high boundaries for proper pairs: (1, 1235)
[M::mem_pestat] skip orientation RF as there are not enough pairs
[M::mem_pestat] skip orientation RR as there are not enough pairs
[M::mem_process_seqs] Processed 99950 reads in 7.793 CPU sec, 7.803 real sec
[M::process] read 99950 sequences (10000193 bp)...
[M::mem_pestat] # candidate unique pairs for (FF, FR, RF, RR): (0, 49503, 0, 0)
[M::mem_pestat] skip orientation FF as there are not enough pairs
[M::mem_pestat] analyzing insert size distribution for orientation FR...
[M::mem_pestat] (25, 50, 75) percentile: (222, 349, 475)
[M::mem_pestat] low and high boundaries for computing mean and std.dev: (1, 981)
[M::mem_pestat] mean and std.dev: (349.19, 145.63)
[M::mem_pestat] low and high boundaries for proper pairs: (1, 1234)
[M::mem_pestat] skip orientation RF as there are not enough pairs
[M::mem_pestat] skip orientation RR as there are not enough pairs
[M::mem_process_seqs] Processed 99952 reads in 7.326 CPU sec, 7.342 real sec
[M::process] read 33724 sequences (3374013 bp)...
[M::mem_pestat] # candidate unique pairs for (FF, FR, RF, RR): (0, 45346, 0, 0)
[M::mem_pestat] skip orientation FF as there are not enough pairs
[M::mem_pestat] analyzing insert size distribution for orientation FR...
[M::mem_pestat] (25, 50, 75) percentile: (224, 348, 475)
[M::mem_pestat] low and high boundaries for computing mean and std.dev: (1, 977)
[M::mem_pestat] mean and std.dev: (348.99, 145.25)
[M::mem_pestat] low and high boundaries for proper pairs: (1, 1228)
[M::mem_pestat] skip orientation RF as there are not enough pairs
[M::mem_pestat] skip orientation RR as there are not enough pairs
[M::mem_process_seqs] Processed 99950 reads in 7.555 CPU sec, 7.566 real sec
[M::mem_pestat] # candidate unique pairs for (FF, FR, RF, RR): (0, 12145, 0, 0)
[M::mem_pestat] skip orientation FF as there are not enough pairs
[M::mem_pestat] analyzing insert size distribution for orientation FR...
[M::mem_pestat] (25, 50, 75) percentile: (221, 348, 475)
[M::mem_pestat] low and high boundaries for computing mean and std.dev: (1, 983)
[M::mem_pestat] mean and std.dev: (349.06, 146.03)
[M::mem_pestat] low and high boundaries for proper pairs: (1, 1237)
[M::mem_pestat] skip orientation RF as there are not enough pairs
[M::mem_pestat] skip orientation RR as there are not enough pairs
[M::mem_process_seqs] Processed 33724 reads in 2.860 CPU sec, 2.863 real sec
[main] Version: 0.7.17-r1188
[main] CMD: bwa mem -t 1 -R @RG\tID:sample1\tSM:sample1\tPL:ILLUMINA\tLB:lib1 data/reference/chr21.fasta data/raw/sample_R1.fastq.gz data/raw/sample_R2.fastq.gz
[main] Real time: 40.859 sec; CPU: 40.675 sec
